
> commercialapp@1.0.0 test
> jest screens/main.test.js

  console.error
    The above error occurred in the <BottomTabNavigator> component:
    
        at id (C:\BIN\Work\CommercialApp_Front-End-main\CommercialApp_Front-End-main\node_modules\@react-navigation\bottom-tabs\src\navigators\createBottomTabNavigator.tsx:31:3)
        at navigation (C:\BIN\Work\CommercialApp_Front-End-main\CommercialApp_Front-End-main\screens\main.js:24:32)
    
    Consider adding an error boundary to your tree to customize error handling behavior.
    Visit https://reactjs.org/link/error-boundaries to learn more about error boundaries.

    [0m [90m 23 |[39m describe([32m'Main Screen (Tab Navigator)'[39m[33m,[39m () [33m=>[39m {
     [90m 24 |[39m   it([32m'renders all tab screens'[39m[33m,[39m [36masync[39m () [33m=>[39m {
    [31m[1m>[22m[39m[90m 25 |[39m     [36mconst[39m { getByText[33m,[39m findByText } [33m=[39m render([33m<[39m[33mMain[39m [33m/[39m[33m>[39m)[33m;[39m
     [90m    |[39m                                             [31m[1m^[22m[39m
     [90m 26 |[39m     
     [90m 27 |[39m     [90m// Check if the initial screen (Home/Menu) is rendered[39m
     [90m 28 |[39m     expect([36mawait[39m findByText([32m'Mocked Menu'[39m))[33m.[39mtoBeTruthy()[33m;[39m[0m

      at logCapturedError (node_modules/react-test-renderer/cjs/react-test-renderer.development.js:8661:23)
      at update.callback (node_modules/react-test-renderer/cjs/react-test-renderer.development.js:8694:5)
      at callCallback (node_modules/react-test-renderer/cjs/react-test-renderer.development.js:4092:12)
      at commitUpdateQueue (node_modules/react-test-renderer/cjs/react-test-renderer.development.js:4113:9)
      at commitLayoutEffectOnFiber (node_modules/react-test-renderer/cjs/react-test-renderer.development.js:13232:13)
      at commitLayoutMountEffects_complete (node_modules/react-test-renderer/cjs/react-test-renderer.development.js:14330:9)
      at commitLayoutEffects_begin (node_modules/react-test-renderer/cjs/react-test-renderer.development.js:14316:7)
      at commitLayoutEffects (node_modules/react-test-renderer/cjs/react-test-renderer.development.js:14301:3)
      at commitRootImpl (node_modules/react-test-renderer/cjs/react-test-renderer.development.js:16062:5)
      at commitRoot (node_modules/react-test-renderer/cjs/react-test-renderer.development.js:15933:5)
      at finishConcurrentRender (node_modules/react-test-renderer/cjs/react-test-renderer.development.js:15229:9)
      at performConcurrentWorkOnRoot (node_modules/react-test-renderer/cjs/react-test-renderer.development.js:15146:7)
      at flushActQueue (node_modules/react/cjs/react.development.js:2667:24)
      at act (node_modules/react/cjs/react.development.js:2582:11)
      at actImplementation (node_modules/@testing-library/react-native/src/act.ts:30:25)
      at renderWithAct (node_modules/@testing-library/react-native/src/render-act.ts:13:11)
      at renderInternal (node_modules/@testing-library/react-native/src/render.tsx:69:33)
      at renderInternal (node_modules/@testing-library/react-native/src/render.tsx:44:10)
      at Object.<anonymous> (screens/main.test.js:25:45)
      at asyncGeneratorStep (node_modules/@babel/runtime/helpers/asyncToGenerator.js:3:24)
      at _next (node_modules/@babel/runtime/helpers/asyncToGenerator.js:22:9)
      at node_modules/@babel/runtime/helpers/asyncToGenerator.js:27:7
      at Object.<anonymous> (node_modules/@babel/runtime/helpers/asyncToGenerator.js:19:12)

node.exe : FAIL screens/main.test.js
At C:\Program Files\nodejs\npm.ps1:29 char:3
+   & $NODE_EXE $NPM_CLI_JS $args
+   ~~~~~~~~~~~~~~~~~~~~~~~~~~~~~
    + CategoryInfo          : NotSpecified: (FAIL screens/main.test.js:String) [], RemoteException
    + FullyQualifiedErrorId : NativeCommandError
 
  Main Screen (Tab Navigator)
    ├ù renders all tab screens (47 ms)

  ΓùÅ Main Screen (Tab Navigator) ΓÇ║ renders all tab screens

    Couldn't register the navigator. Have you wrapped your app with 'NavigationContainer'?

    This can also happen if there are multiple copies of '@react-navigation' packages installed.

    [0m [90m 23 |[39m describe([32m'Main Screen (Tab Navigator)'[39m[33m,[39m () [33m=>[39m {
     [90m 24 |[39m   it([32m'renders all tab screens'[39m[33m,[39m [36masync[39m () [33m=>[39m {
    [31m[1m>[22m[39m[90m 25 |[39m     [36mconst[39m { getByText[33m,[39m findByText } [33m=[39m 
render([33m<[39m[33mMain[39m [33m/[39m[33m>[39m)[33m;[39m
     [90m    |[39m                                             [31m[1m^[22m[39m
     [90m 26 |[39m     
     [90m 27 |[39m     [90m// Check if the initial screen (Home/Menu) is rendered[39m
     [90m 28 |[39m     expect([36mawait[39m findByText([32m'Mocked Menu'[39m))[33m.[39mtoBeTruthy()[33m;[39m[0m

      at useRegisterNavigator (node_modules/@react-navigation/core/src/useRegisterNavigator.tsx:15:11)
      at useNavigationBuilder (node_modules/@react-navigation/core/src/useNavigationBuilder.tsx:272:44)
      at BottomTabNavigator (node_modules/@react-navigation/bottom-tabs/src/navigators/createBottomTabNavigator.tsx:100:25)
      at renderWithHooks (node_modules/react-test-renderer/cjs/react-test-renderer.development.js:6351:18)
      at mountIndeterminateComponent (node_modules/react-test-renderer/cjs/react-test-renderer.development.js:9855:13)
      at beginWork (node_modules/react-test-renderer/cjs/react-test-renderer.development.js:11312:16)
      at performUnitOfWork (node_modules/react-test-renderer/cjs/react-test-renderer.development.js:15811:12)
      at workLoopSync (node_modules/react-test-renderer/cjs/react-test-renderer.development.js:15745:5)
      at renderRootSync (node_modules/react-test-renderer/cjs/react-test-renderer.development.js:15717:7)
      at recoverFromConcurrentError (node_modules/react-test-renderer/cjs/react-test-renderer.development.js:15187:20)
      at performConcurrentWorkOnRoot (node_modules/react-test-renderer/cjs/react-test-renderer.development.js:15087:22)
      at flushActQueue (node_modules/react/cjs/react.development.js:2667:24)
      at act (node_modules/react/cjs/react.development.js:2582:11)
      at actImplementation (node_modules/@testing-library/react-native/src/act.ts:30:25)
      at renderWithAct (node_modules/@testing-library/react-native/src/render-act.ts:13:11)
      at renderInternal (node_modules/@testing-library/react-native/src/render.tsx:69:33)
      at renderInternal (node_modules/@testing-library/react-native/src/render.tsx:44:10)
      at Object.<anonymous> (screens/main.test.js:25:45)
      at asyncGeneratorStep (node_modules/@babel/runtime/helpers/asyncToGenerator.js:3:24)
      at _next (node_modules/@babel/runtime/helpers/asyncToGenerator.js:22:9)
      at node_modules/@babel/runtime/helpers/asyncToGenerator.js:27:7
      at Object.<anonymous> (node_modules/@babel/runtime/helpers/asyncToGenerator.js:19:12)

Test Suites: 1 failed, 1 total
Tests:       1 failed, 1 total
Snapshots:   0 total
Time:        2.229 s
Ran all test suites matching /screens\\main.test.js/i.
